#-----------------------------------------------------------
# Webtalk v2019.1 (64-bit)
# SW Build 2552052 on Fri May 24 14:49:42 MDT 2019
# IP Build 2548770 on Fri May 24 18:01:18 MDT 2019
# Start of session at: Mon Oct 30 03:26:07 2023
# Process ID: 5664
# Current directory: E:/Projects/FaradAndish/Sequence_Detector/Sequence_Detector_with_shift_register/Sequence_Detector_with_shift_register.sim/sim_1/behav/xsim
# Command line: wbtcv.exe -mode batch -source E:/Projects/FaradAndish/Sequence_Detector/Sequence_Detector_with_shift_register/Sequence_Detector_with_shift_register.sim/sim_1/behav/xsim/xsim.dir/Seq_Det_tb_behav/webtalk/xsim_webtalk.tcl -notrace
# Log file: E:/Projects/FaradAndish/Sequence_Detector/Sequence_Detector_with_shift_register/Sequence_Detector_with_shift_register.sim/sim_1/behav/xsim/webtalk.log
# Journal file: E:/Projects/FaradAndish/Sequence_Detector/Sequence_Detector_with_shift_register/Sequence_Detector_with_shift_register.sim/sim_1/behav/xsim\webtalk.jou
#-----------------------------------------------------------
source E:/Projects/FaradAndish/Sequence_Detector/Sequence_Detector_with_shift_register/Sequence_Detector_with_shift_register.sim/sim_1/behav/xsim/xsim.dir/Seq_Det_tb_behav/webtalk/xsim_webtalk.tcl -notrace
